[
  {
    "代码": "300476.SZ",
    "公司": "胜宏科技",
    "环节": "高阶AI服务器PCB",
    "Layer": "Layer 2/3 PCB制造",
    "瓶颈评级": "A",
    "价格_CNY": 296.7,
    "总股本": 982784813,
    "市值_亿元": 2915.92,
    "2025收入_亿元": 192.9231345736,
    "2025归母净利_亿元": 43.119882743999995,
    "PS_2025": 15.114413346252048,
    "PE_2025": 67.62356051178598,
    "2026Q1收入_亿元": 55.1948506685,
    "2026Q1归母净利_亿元": 12.8842759246,
    "2026Q1收入同比_%": 27.992782649537,
    "2026Q1净利同比_%": 39.947998853247,
    "10年10pct年化所需净利_亿元": 302.52582057019197,
    "所需净利倍数_vs2025": 7.015924008102446,
    "估值判断": "黄灯：PS>10但盈利且Q1增长，需继续验证",
    "信号强度": "★★★"
  },
  {
    "代码": "002463.SZ",
    "公司": "沪电股份",
    "环节": "AI服务器/交换机PCB",
    "Layer": "Layer 2/3 PCB制造",
    "瓶颈评级": "A",
    "价格_CNY": 137.3,
    "总股本": 1924363537,
    "市值_亿元": 2642.15,
    "2025收入_亿元": 189.45220585,
    "2025归母净利_亿元": 38.22306272,
    "PS_2025": 13.946261476057657,
    "PE_2025": 69.12449741023788,
    "2026Q1收入_亿元": 62.14156406,
    "2026Q1归母净利_亿元": 12.42081367,
    "2026Q1收入同比_%": 53.906140976542,
    "2026Q1净利同比_%": 62.903309055073,
    "10年10pct年化所需净利_亿元": 274.12226563812885,
    "所需净利倍数_vs2025": 7.171645758640266,
    "估值判断": "黄灯：PS>10但盈利且Q1增长，需继续验证",
    "信号强度": "★★★"
  },
  {
    "代码": "600183.SH",
    "公司": "生益科技",
    "环节": "高速CCL/PP材料",
    "Layer": "Layer 2 CCL/PP材料",
    "瓶颈评级": "S",
    "价格_CNY": 157.4,
    "总股本": 2429119230,
    "市值_亿元": 3823.43,
    "2025收入_亿元": 284.3113845944,
    "2025归母净利_亿元": 33.3395437792,
    "PS_2025": 13.448036931248899,
    "PE_2025": 114.6815332963667,
    "2026Q1收入_亿元": 81.41455910399999,
    "2026Q1归母净利_亿元": 11.5813932456,
    "2026Q1收入同比_%": 45.088535139882,
    "2026Q1净利同比_%": 105.4723584166,
    "10年10pct年化所需净利_亿元": 396.6797093688061,
    "所需净利倍数_vs2025": 11.898174492006339,
    "估值判断": "黄灯：PE>80，需用高增速消化",
    "信号强度": "★★★"
  },
  {
    "代码": "002916.SZ",
    "公司": "深南电路",
    "环节": "高阶PCB/封装基板",
    "Layer": "Layer 2/3 PCB+载板",
    "瓶颈评级": "A",
    "价格_CNY": 442.56,
    "总股本": 681166595,
    "市值_亿元": 3014.57,
    "2025收入_亿元": 236.4697708898,
    "2025归母净利_亿元": 32.7573815127,
    "PS_2025": 12.74822565546805,
    "PE_2025": 92.0271969489153,
    "2026Q1收入_亿元": 65.9558790238,
    "2026Q1归母净利_亿元": 8.5023079658,
    "2026Q1收入同比_%": 37.899447303564,
    "2026Q1净利同比_%": 73.005176866479,
    "10年10pct年化所需净利_亿元": 312.76072831774655,
    "所需净利倍数_vs2025": 9.547793928415482,
    "估值判断": "黄灯：PE>80，需用高增速消化",
    "信号强度": "★★"
  }
]
