======================================================================
报告数据抽检清单
文件：reports\AI高速互联PCB材料\AI高速互联PCB材料-industry-research-20260709.md
总提取数据点：112  |  抽样比例：15%  |  抽检数量：17
======================================================================

 ID     行号  数据标签                                          报告值  单位
───  ─────  ───────────────────────────────────  ────────────  ──────
  4     85  低损耗树脂/特种树脂 · 毛利率区间（常态/AI高端）                 25.00  %
 17    115  松下控股/松下工业 · 分层                               4.00  
 29    127  沪电股份 · 一句话描述                              2025.00  
 31    128  胜宏科技 · 分层                                    1.00  
 45    135  AT&S · 分层                                    2.00  
 59    147  中国巨石 · 分层                                    4.00  
 61    154  Mitsui Mining & Smelting · 代码/市场          5706.00  T
 65    156  Co-Tech Development · 代码/市场               8358.00  T
 67    157  SKC / SK Nexilis · 代码/市场                 11790.00  
 75    185  估值验算 · 判断                                 2951.00  亿元
 79    284  沪电股份 · 工具验算PE                               72.39  x
 85    286  生益科技 · 工具验算PE                              105.98  x
 87    287  深南电路 · 2025归母净利                             32.76  亿元
 86    287  深南电路 · 参考价格/市值口径                          2740.54  亿元
 95    304  胜宏科技 · 可观察区间                               220.00  
102    306  深南电路 · 风险偏高区间                              380.00  
106    319  核心观察 · 占主题仓位                                40.00  %

↑ 请对上述每个数据点，从以下信源取数，填入 fetched_value：
  美股：macrotrends.net（主）+ stockanalysis.com（副）
  港股：aastocks.com（主）+ macrotrends ADR（副）
  A股： eastmoney.com（主）+ cninfo.com.cn（副）

