======================================================================
报告数据抽检清单
文件：reports\AI高速互联PCB材料层\AI高速互联PCB材料层-industry-funnel-20260713.md
总提取数据点：121  |  抽样比例：15%  |  抽检数量：19
随机种子：42（可用于复现同一批样本）
======================================================================

 ID     行号  数据标签                                          报告值  单位
───  ─────  ───────────────────────────────────  ────────────  ──────
  4     14  胜宏科技 · 7月13日最新口径                           273.01  
  5     15  生益科技 · 7月10日口径                             157.40  
 12     30  当下偏好 · 本赛道最容易踩的坑                          2025.00  
 14     50  沪电股份 · 代码                                 2463.00  
 15     51  深南电路 · 代码                                 2916.00  
 18     54  东山精密 · 代码                                 2384.00  
 28     64  臻鼎-KY · 代码                                4958.00  T
 29     65  南亚塑胶 · 代码                                 1303.00  T
 30     69  Ibiden · 代码                               4062.00  T
 32     71  Shinko Electric · 代码                      6967.00  T
 36     75  Kingboard Holdings · 代码                    148.00  
 55     93  深南电路 · 估值                                   78.83  
 65     94  生益科技 · 2025归母净利/增速                          33.34  亿
 70     95  生益电子 · 总市值                                 929.81  亿
 76     95  生益电子 · 负债率                                  48.88  %
 82     96  东山精密 · 2025 ROE                              6.89  %
 87     97  博敏电子 · 估值                                    2.56  
 95     98  中京电子 · 2025收入/增速                            31.41  亿
115    260  沪电股份 · 关键风险                                 48.00  

↑ 请对上述每个数据点，从以下信源取数，填入 fetched_value：
  美股：macrotrends.net（主）+ stockanalysis.com（副）
  港股：aastocks.com（主）+ macrotrends ADR（副）
  A股： eastmoney.com（主）+ cninfo.com.cn（副）

