PS> python tools/financial_rigor.py calc --expr "2683.10/43.119882744"
============================================================
精确计算 (Exact Calculator)
============================================================
  表达式: 2683.10/43.119882744
  结果:   62.22
  精确值: 62.22419517996823
PS> python tools/financial_rigor.py calc --expr "2398.91/38.22306272"
============================================================
精确计算 (Exact Calculator)
============================================================
  表达式: 2398.91/38.22306272
  结果:   62.76
  精确值: 62.760800137158654
PS> python tools/financial_rigor.py calc --expr "124.66*35/48.28"
============================================================
精确计算 (Exact Calculator)
============================================================
  表达式: 124.66*35/48.28
  结果:   90.37
  精确值: 90.37075393537695
PS> python tools/financial_rigor.py calc --expr "124.66*40/48.28"
============================================================
精确计算 (Exact Calculator)
============================================================
  表达式: 124.66*40/48.28
  结果:   103.28
  精确值: 103.28086164043081
PS> python tools/financial_rigor.py calc --expr "273.01*30/52.06"
============================================================
精确计算 (Exact Calculator)
============================================================
  表达式: 273.01*30/52.06
  结果:   157.32
  精确值: 157.3242412600845
PS> python tools/financial_rigor.py calc --expr "273.01*40/52.06"
============================================================
精确计算 (Exact Calculator)
============================================================
  表达式: 273.01*40/52.06
  结果:   209.77
  精确值: 209.765655013446
PS> python tools/financial_rigor.py calc --expr "5295*55/114.86"
============================================================
精确计算 (Exact Calculator)
============================================================
  表达式: 5295*55/114.86
  结果:   2,535.48
  精确值: 2535.4779731847466
PS> python tools/financial_rigor.py calc --expr "5295*70/114.86"
============================================================
精确计算 (Exact Calculator)
============================================================
  表达式: 5295*70/114.86
  结果:   3,226.97
  精确值: 3226.9719658714957
