PS> python tools/financial_rigor.py verify-market-cap --price 300.30 --shares 982784800 --reported 295100000000 --currency CNY
============================================================
市值验算 (Market Cap Verification)
============================================================
  股价 (Price):       300.3 CNY
  总股本 (Shares):    982.78M
  计算市值:           295.13B CNY
  报告市值:           295.10B CNY
  偏差:               0.01%

  ✅ 验证通过, 偏差仅 0.01%
PS> python tools/financial_rigor.py verify-market-cap --price 422.99 --shares 681000000 --reported 288000000000 --currency CNY
============================================================
市值验算 (Market Cap Verification)
============================================================
  股价 (Price):       422.99 CNY
  总股本 (Shares):    681.00M
  计算市值:           288.06B CNY
  报告市值:           288.00B CNY
  偏差:               0.02%

  ✅ 验证通过, 偏差仅 0.02%
PS> python tools/financial_rigor.py verify-market-cap --price 143.80 --shares 1924000000 --reported 276666000000 --currency CNY
============================================================
市值验算 (Market Cap Verification)
============================================================
  股价 (Price):       143.8 CNY
  总股本 (Shares):    1.92B
  计算市值:           276.67B CNY
  报告市值:           276.67B CNY
  偏差:               0.00%

  ✅ 验证通过, 偏差仅 0.00%
PS> python tools/financial_rigor.py verify-market-cap --price 145.28 --shares 2429000000 --reported 352902000000 --currency CNY
============================================================
市值验算 (Market Cap Verification)
============================================================
  股价 (Price):       145.28 CNY
  总股本 (Shares):    2.43B
  计算市值:           352.89B CNY
  报告市值:           352.90B CNY
  偏差:               0.00%

  ✅ 验证通过, 偏差仅 0.00%
PS> python tools/financial_rigor.py calc --expr "295100000000/4312000000"
============================================================
精确计算 (Exact Calculator)
============================================================
  表达式: 295100000000/4312000000
  结果:   68.44
  精确值: 68.43692022263451
PS> python tools/financial_rigor.py calc --expr "276666000000/3822000000"
============================================================
精确计算 (Exact Calculator)
============================================================
  表达式: 276666000000/3822000000
  结果:   72.39
  精确值: 72.38775510204081
PS> python tools/financial_rigor.py calc --expr "353340000000/3334000000"
============================================================
精确计算 (Exact Calculator)
============================================================
  表达式: 353340000000/3334000000
  结果:   105.98
  精确值: 105.98080383923215
PS> python tools/financial_rigor.py calc --expr "274054000000/3276000000"
============================================================
精确计算 (Exact Calculator)
============================================================
  表达式: 274054000000/3276000000
  结果:   83.66
  精确值: 83.65506715506716
