======================================================================
[1m报告数据抽检 — 准出/打回判决[0m
报告：AI高速互联PCB材料层-industry-funnel-20260713.md
======================================================================

  [92m✅ 通过[0m [ 4] 胜宏科技 7月13日最新口径                       报告:       273.01 元
                                                    腾讯行情20260713原始快照: 273.01 (偏差 0.00%)
  [92m✅ 通过[0m [ 5] 生益科技 7月10日基线价格                       报告:       157.40 元
                                                    腾讯行情20260710历史快照: 157.40 (偏差 0.00%)
  [92m✅ 通过[0m [55] 深南电路PE TTM                           报告:        78.83 倍
                                                    腾讯行情20260713: 78.83 (偏差 0.00%)
  [92m✅ 通过[0m [65] 生益科技2025归母净利                         报告:        33.34 亿元
                                                    东方财富F10 2025年报摘要: 33.34 (偏差 0.00%)
  [92m✅ 通过[0m [70] 生益电子总市值                              报告:       929.81 亿元
                                                    腾讯行情20260713: 929.81 (偏差 0.00%)
  [92m✅ 通过[0m [76] 生益电子2025负债率                          报告:        48.88 %
                                                    东方财富F10 2025年报摘要: 48.88 (偏差 0.01%)
  [92m✅ 通过[0m [82] 东山精密2025 ROE                         报告:         6.89 %
                                                    东方财富F10 2025年报摘要: 6.89 (偏差 0.00%)
  [92m✅ 通过[0m [87] 博敏电子PB                               报告:         2.56 倍
                                                    腾讯行情20260713: 2.56 (偏差 0.00%)
  [92m✅ 通过[0m [95] 中京电子2025收入                           报告:        31.41 亿元
                                                    东方财富F10 2025年报摘要: 31.41 (偏差 0.00%)
  [92m✅ 通过[0m [115] 沪电股份PE约48                            报告:        48.00 倍
                                                    腾讯行情20260713: 48.28 (偏差 0.58%)

----------------------------------------------------------------------
  抽检总数: 10  |  通过: [92m10[0m  |  警告: [93m0[0m  |  不通过: [91m0[0m

[1m[92m【准出】所有抽检数据通过，报告可发布。[0m
======================================================================
