### 广东宏大
============================================================
三情景估值模型 (Three-Scenario Valuation)
============================================================
  当前股价: 27.7 CNY
  当前EPS:  1.2701
  预测期:   3年

  情景                年增速     目标PE      目标EPS       目标股价      涨跌幅
  ------------ -------- -------- ---------- ---------- --------
  乐观 (Bull)         12%      25x       1.78      44.6   +61.0%
  中性 (Base)          8%      20x       1.60      32.0   +15.5%
  悲观 (Bear)          0%      15x       1.27      19.1   -31.2%

  ✅ 所有计算使用精确十进制, 结果可审计复现

### 易普力
============================================================
三情景估值模型 (Three-Scenario Valuation)
============================================================
  当前股价: 8.76 CNY
  当前EPS:  0.64
  预测期:   3年

  情景                年增速     目标PE      目标EPS       目标股价      涨跌幅
  ------------ -------- -------- ---------- ---------- --------
  乐观 (Bull)         10%      18x       0.85      15.3   +75.0%
  中性 (Base)          6%      15x       0.76      11.4   +30.5%
  悲观 (Bear)          0%      12x       0.64       7.7   -12.3%

  ✅ 所有计算使用精确十进制, 结果可审计复现

### 金奥博
============================================================
三情景估值模型 (Three-Scenario Valuation)
============================================================
  当前股价: 9.67 CNY
  当前EPS:  0.5102
  预测期:   3年

  情景                年增速     目标PE      目标EPS       目标股价      涨跌幅
  ------------ -------- -------- ---------- ---------- --------
  乐观 (Bull)         18%      25x       0.84      21.0  +116.7%
  中性 (Base)         12%      20x       0.72      14.3   +48.3%
  悲观 (Bear)          3%      15x       0.56       8.4   -13.5%

  ✅ 所有计算使用精确十进制, 结果可审计复现

