### 广东宏大
============================================================
市值验算 (Market Cap Verification)
============================================================
  股价 (Price):       28.34 CNY
  总股本 (Shares):    759.89M
  计算市值:           21.54B CNY
  报告市值:           21.54B CNY
  偏差:               0.00%

  ✅ 验证通过, 偏差仅 0.00%

### 易普力
============================================================
市值验算 (Market Cap Verification)
============================================================
  股价 (Price):       8.72 CNY
  总股本 (Shares):    1.24B
  计算市值:           10.82B CNY
  报告市值:           10.82B CNY
  偏差:               0.00%

  ✅ 验证通过, 偏差仅 0.00%

### 北化股份
============================================================
市值验算 (Market Cap Verification)
============================================================
  股价 (Price):       18.0 CNY
  总股本 (Shares):    549.03M
  计算市值:           9.88B CNY
  报告市值:           9.88B CNY
  偏差:               0.00%

  ✅ 验证通过, 偏差仅 0.00%

### 国泰集团
============================================================
市值验算 (Market Cap Verification)
============================================================
  股价 (Price):       12.8 CNY
  总股本 (Shares):    621.24M
  计算市值:           7.95B CNY
  报告市值:           7.95B CNY
  偏差:               0.00%

  ✅ 验证通过, 偏差仅 0.00%

