======================================================================
报告数据抽检清单
文件：reports\国防含能材料-民爆-防务材料链\国防含能材料-民爆-防务材料链-industry-funnel-20260713.md
总提取数据点：125  |  抽样比例：15%  |  抽检数量：19
随机种子：42（可用于复现同一批样本）
======================================================================

 ID     行号  数据标签                                          报告值  单位
───  ─────  ───────────────────────────────────  ────────────  ──────
  4     47  易普力 · 市值                                   108.66  亿元
  5     48  江南化工 · 代码                                 2226.00  
 12     51  金奥博 · 代码                                  2917.00  
 15     52  雪峰科技 · 市值                                   75.45  亿元
 14     52  雪峰科技 · 代码                               603227.00  
 18     54  国泰集团 · 代码                               603977.00  
 29     59  中天火箭 · 市值                                  100.23  亿元
 28     59  中天火箭 · 代码                                 3009.00  
 30     61  Rheinmetall · 市值                            53.37  B
 32     62  BAE Systems · 行业占比/纯度                       30.00  %
 36     64  Leonardo · 行业占比/纯度                          30.00  %
 55    102  易普力 · ROE                                   10.30  %
 65    104  北化股份 · ROE                                   8.90  %
 70    105  雅化集团 · 经营现金流/净利                            103.60  %
 76    106  金奥博 · 理由                                     4.00  
 82    108  保利联合 · ROE                                  55.90  %
 87    109  国泰集团 · 经营现金流/净利                             72.60  %
 95    111  壶化股份 · PE                                   19.59  
115    328  易普力 · 关键风险                                2026.00  

↑ 请对上述每个数据点，从以下信源取数，填入 fetched_value：
  美股：macrotrends.net（主）+ stockanalysis.com（副）
  港股：aastocks.com（主）+ macrotrends ADR（副）
  A股： eastmoney.com（主）+ cninfo.com.cn（副）

