======================================================================
[1m报告数据抽检 — 准出/打回判决[0m
报告：reports\bottleneck-map\国防含能材料-民爆-防务材料链-bottleneck-20260710.md
======================================================================

  [92m✅ 通过[0m [ 7] 易普力25xPE退出市值                         报告:       469.11 亿元
                                                    bottleneck_valuation_check_20260710.csv: 469.11 (偏差 0.00%)  |  净利7.93*(1.09^10)*25重算: 469.11 (偏差 0.00%)
  [92m✅ 通过[0m [18] 广东宏大代码                               报告:      2683.00 
                                                    Tencent quote csv: 2683.00 (偏差 0.00%)  |  CNINFO 年报链接json: 2683.00 (偏差 0.00%)
  [92m✅ 通过[0m [22] 广东宏大10年后净利                           报告:        29.73 亿元
                                                    bottleneck_valuation_check_20260710.csv: 29.73 (偏差 0.00%)  |  2025净利9.57*(1.12^10)重算: 29.73 (偏差 0.00%)
  [92m✅ 通过[0m [25] 广东宏大达到10%年化所需2036净利                  报告:        22.34 亿元
                                                    bottleneck_valuation_check_20260710.csv: 22.34 (偏差 0.00%)  |  当前市值215.35*(1.1^10)/25重算: 22.34 (偏差 0.00%)
  [92m✅ 通过[0m [33] 雪峰科技达到10%年化所需2036净利                  报告:         7.82 亿元
                                                    bottleneck_valuation_check_20260710.csv: 7.82 (偏差 0.00%)  |  当前市值75.34*(1.1^10)/25重算: 7.82 (偏差 0.00%)
  [92m✅ 通过[0m [35] 江南化工2025净利                           报告:         7.58 亿元
                                                    Eastmoney HSF10 2025: 7.58 (偏差 0.00%)  |  financials_20260709.csv: 7.58 (偏差 0.00%)
  [92m✅ 通过[0m [49] 壶化股份达到10%年化所需2036净利                  报告:         3.45 亿元
                                                    bottleneck_valuation_check_20260710.csv: 3.45 (偏差 0.00%)  |  当前市值33.22*(1.1^10)/25重算: 3.45 (偏差 0.00%)
  [92m✅ 通过[0m [43] 壶化股份2025净利                           报告:         1.72 亿元
                                                    Eastmoney HSF10 2025: 1.72 (偏差 0.00%)  |  financials_20260709.csv: 1.72 (偏差 0.00%)
  [92m✅ 通过[0m [73] 高争民爆达到10%年化所需2036净利                  报告:         6.48 亿元
                                                    bottleneck_valuation_check_20260710.csv: 6.48 (偏差 0.00%)  |  当前市值62.47*(1.1^10)/25重算: 6.48 (偏差 0.00%)
  [92m✅ 通过[0m [76] 中天火箭当前市值                             报告:        90.81 亿元
                                                    Tencent quote csv: 90.81 (偏差 0.00%)  |  bottleneck_valuation_check_20260710.csv: 90.81 (偏差 0.00%)
  [92m✅ 通过[0m [78] 中天火箭10年后净利                           报告:         4.12 亿元
                                                    bottleneck_valuation_check_20260710.csv: 4.12 (偏差 0.00%)  |  亏损基数工具按负净利绝对值情景不作为投资结论: 4.12 (偏差 0.00%)
  [92m✅ 通过[0m [83] 近期1-3月中的年份                           报告:      2026.00 年
                                                    report context current year: 2026.00 (偏差 0.00%)  |  Get-Date 2026-07-10: 2026.00 (偏差 0.00%)
  [92m✅ 通过[0m [82] 当前估值隐含回答中的年份                         报告:      2025.00 年
                                                    report wording references 2025 low-base recovery: 2025.00 (偏差 0.00%)  |  financials_20260709.csv report_date 2025-12-31: 2025.00 (偏差 0.00%)

----------------------------------------------------------------------
  抽检总数: 13  |  通过: [92m13[0m  |  警告: [93m0[0m  |  不通过: [91m0[0m

[1m[92m【准出】所有抽检数据通过，报告可发布。[0m
======================================================================
