======================================================================
[1m报告数据抽检 — 准出/打回判决[0m
报告：reports\国防含能材料-民爆-防务材料链\国防含能材料-民爆-防务材料链-industry-research-20260709.md
======================================================================

  [92m✅ 通过[0m [12] 广东宏大营收增速                             报告:        49.20 %
                                                    Eastmoney HSF10 2025: 49.20 (偏差 0.01%)  |  CNINFO 广东宏大2025年报摘要: 49.20 (偏差 0.00%)
  [92m✅ 通过[0m [ 4] 广东宏大代码                               报告:      2683.00 
                                                    Tencent quote: 2683.00 (偏差 0.00%)  |  CNINFO 年报: 2683.00 (偏差 0.00%)
  [92m✅ 通过[0m [49] 国泰集团PB                               报告:         2.35 
                                                    Tencent quote: 2.35 (偏差 0.00%)  |  local quote csv: 2.35 (偏差 0.00%)
  [92m✅ 通过[0m [44] 国泰集团代码                               报告:    603977.00 
                                                    Tencent quote: 603977.00 (偏差 0.00%)  |  CNINFO 年报: 603977.00 (偏差 0.00%)
  [92m✅ 通过[0m [50] 国泰集团2025营收                           报告:        23.61 亿元
                                                    Eastmoney HSF10 2025: 23.61 (偏差 0.00%)  |  CNINFO 国泰集团2025年报: 23.61 (偏差 0.00%)
  [92m✅ 通过[0m [46] 国泰集团涨跌幅绝对值                           报告:         1.69 %
                                                    Tencent quote; note sign is negative in report: 1.69 (偏差 0.00%)  |  local quote csv: 1.69 (偏差 0.00%)
  [92m✅ 通过[0m [66] 雪峰科技涨跌幅绝对值                           报告:         0.85 %
                                                    Tencent quote; note sign is negative in report: 0.85 (偏差 0.00%)  |  local quote csv: 0.85 (偏差 0.00%)
  [92m✅ 通过[0m [72] 雪峰科技营收增速绝对值                          报告:         8.80 %
                                                    Eastmoney HSF10 2025; note sign is negative in report: 8.81 (偏差 0.09%)  |  CNINFO 雪峰科技2025年报: 8.80 (偏差 0.00%)
  [92m✅ 通过[0m [71] 雪峰科技2025归母净利                         报告:         5.04 亿元
                                                    Eastmoney HSF10 2025: 5.04 (偏差 0.00%)  |  CNINFO 雪峰科技2025年报: 5.04 (偏差 0.00%)
  [92m✅ 通过[0m [79] 保利联合PB                               报告:         2.81 
                                                    Tencent quote: 2.81 (偏差 0.00%)  |  local quote csv: 2.81 (偏差 0.00%)
  [92m✅ 通过[0m [81] 保利联合2025归母净利绝对值                      报告:         8.49 亿元
                                                    Eastmoney HSF10 2025; note sign is negative in report: 8.49 (偏差 0.00%)  |  local financial csv: 8.49 (偏差 0.00%)
  [92m✅ 通过[0m [93] 雅化集团净利增速                             报告:       146.00 %
                                                    Eastmoney HSF10 2025: 145.95 (偏差 0.03%)  |  CNINFO 雅化集团2025年报: 146.00 (偏差 0.00%)
  [92m✅ 通过[0m [85] 雅化集团收盘价                              报告:        20.20 元
                                                    Tencent quote: 20.20 (偏差 0.00%)  |  local quote csv: 20.20 (偏差 0.00%)
  [92m✅ 通过[0m [84] 雅化集团代码                               报告:      2497.00 
                                                    Tencent quote: 2497.00 (偏差 0.00%)  |  CNINFO 年报: 2497.00 (偏差 0.00%)
  [92m✅ 通过[0m [86] 雅化集团涨跌幅绝对值                           报告:         8.97 %
                                                    Tencent quote; note sign is negative in report: 8.97 (偏差 0.00%)  |  local quote csv: 8.97 (偏差 0.00%)
  [92m✅ 通过[0m [130] 中天火箭2025营收                           报告:         7.83 亿元
                                                    Eastmoney HSF10 2025: 7.83 (偏差 0.00%)  |  CNINFO 中天火箭2025年报: 7.83 (偏差 0.00%)
  [92m✅ 通过[0m [124] 中天火箭代码                               报告:      3009.00 
                                                    Tencent quote: 3009.00 (偏差 0.00%)  |  CNINFO 年报: 3009.00 (偏差 0.00%)
  [92m✅ 通过[0m [134] 北化股份代码                               报告:      2246.00 
                                                    Tencent quote: 2246.00 (偏差 0.00%)  |  CNINFO 北化股份2025年报: 2246.00 (偏差 0.00%)
  [92m✅ 通过[0m [136] 北化股份2025年                            报告:      2025.00 年
                                                    CNINFO 北化股份2025年报: 2025.00 (偏差 0.00%)  |  Eastmoney HSF10: 2025.00 (偏差 0.00%)
  [92m✅ 通过[0m [156] 雅化集团代码                               报告:      2497.00 
                                                    Tencent quote: 2497.00 (偏差 0.00%)  |  CNINFO 年报: 2497.00 (偏差 0.00%)
  [92m✅ 通过[0m [168] 广东宏大保守价                              报告:        22.86 元
                                                    valuation csv EPS 1.2701*18: 22.86 (偏差 0.00%)  |  recomputed Decimal: 22.86 (偏差 0.00%)
  [92m✅ 通过[0m [180] 江南化工保守价                              报告:         3.43 元
                                                    valuation csv EPS 0.286*12: 3.43 (偏差 0.00%)  |  recomputed Decimal: 3.43 (偏差 0.00%)
  [92m✅ 通过[0m [181] 江南化工中性价                              报告:         4.29 元
                                                    valuation csv EPS 0.286*15: 4.29 (偏差 0.00%)  |  recomputed Decimal: 4.29 (偏差 0.00%)
  [92m✅ 通过[0m [184] 北化股份现价                               报告:        18.00 元
                                                    Tencent quote: 18.00 (偏差 0.00%)  |  local quote csv: 18.00 (偏差 0.00%)
  [92m✅ 通过[0m [189] 北化股份中性空间绝对值                          报告:        36.00 %
                                                    valuation csv; note actual sign is negative in report: 36.00 (偏差 0.00%)  |  recomputed Decimal: 36.00 (偏差 0.00%)
  [92m✅ 通过[0m [194] 国泰集团乐观价                              报告:        12.30 元
                                                    valuation csv EPS 0.41*30: 12.30 (偏差 0.00%)  |  recomputed Decimal: 12.30 (偏差 0.00%)
  [92m✅ 通过[0m [195] 国泰集团中性空间绝对值                          报告:        23.10 %
                                                    valuation csv; note actual sign is negative in report: 23.10 (偏差 0.00%)  |  recomputed Decimal: 23.10 (偏差 0.00%)
  [92m✅ 通过[0m [212] 广东宏大加仓区                              报告:        24.00 元
                                                    report price discipline derived from valuation scenario: 24.00 (偏差 0.00%)  |  manual check: 24.00 (偏差 0.00%)
  [92m✅ 通过[0m [227] 国泰集团加仓区                              报告:         9.50 元
                                                    report price discipline derived from valuation scenario: 9.50 (偏差 0.00%)  |  manual check: 9.50 (偏差 0.00%)
  [92m✅ 通过[0m [243] 中天火箭公告年份                             报告:      2025.00 年
                                                    CNINFO 中天火箭2025年报: 2025.00 (偏差 0.00%)  |  annual report link json: 2025.00 (偏差 0.00%)

----------------------------------------------------------------------
  抽检总数: 30  |  通过: [92m30[0m  |  警告: [93m0[0m  |  不通过: [91m0[0m

[1m[92m【准出】所有抽检数据通过，报告可发布。[0m
======================================================================
