### 广东宏大
============================================================
市值验算 (Market Cap Verification)
============================================================
  股价 (Price):       27.7 CNY
  总股本 (Shares):    759.89M
  计算市值:           21.05B CNY
  报告市值:           21.05B CNY
  偏差:               0.00%

  ✅ 验证通过, 偏差仅 0.00%

### 易普力
============================================================
市值验算 (Market Cap Verification)
============================================================
  股价 (Price):       8.76 CNY
  总股本 (Shares):    1.24B
  计算市值:           10.87B CNY
  报告市值:           10.87B CNY
  偏差:               0.00%

  ✅ 验证通过, 偏差仅 0.00%

### 金奥博
============================================================
市值验算 (Market Cap Verification)
============================================================
  股价 (Price):       9.67 CNY
  总股本 (Shares):    347.61M
  计算市值:           3.36B CNY
  报告市值:           3.36B CNY
  偏差:               0.01%

  ✅ 验证通过, 偏差仅 0.01%

