======================================================================
报告数据抽检清单
文件：reports\国防含能材料-民爆-防务材料链\国防含能材料-民爆-防务材料链-industry-research-20260709.md
总提取数据点：244  |  抽样比例：15%  |  抽检数量：30
======================================================================

 ID     行号  数据标签                                          报告值  单位
───  ─────  ───────────────────────────────────  ────────────  ──────
 12    110  广东宏大 · 营收增速                                 49.20  %
  4    110  广东宏大 · 代码                                 2683.00  
 49    114  国泰集团 · PB                                    2.35  
 44    114  国泰集团 · 代码                               603977.00  
 50    114  国泰集团 · 2025营收                               23.61  
 46    114  国泰集团 · 涨跌幅                                   1.69  %
 66    116  雪峰科技 · 涨跌幅                                   0.85  %
 72    116  雪峰科技 · 营收增速                                  8.80  %
 71    116  雪峰科技 · 2025归母净利                              5.04  
 79    117  保利联合 · PB                                    2.81  
 81    117  保利联合 · 2025归母净利                              8.49  
 93    118  雅化集团 · 净利增速                                146.00  %
 85    118  雅化集团 · 收盘价                                  20.20  
 84    118  雅化集团 · 代码                                 2497.00  
 86    118  雅化集团 · 涨跌幅                                   8.97  %
130    122  中天火箭 · 2025营收                                7.83  
124    122  中天火箭 · 代码                                 3009.00  
134    137  北化股份 · 市场                                 2246.00  
136    137  北化股份 · 简评                                 2025.00  
156    154  雅化集团 · 市场                                 2497.00  
168    262  广东宏大 · 保守价                                  22.86  
180    264  江南化工 · 保守价                                   3.43  
181    264  江南化工 · 中性价                                   4.29  
184    265  北化股份 · 现价                                   18.00  
189    265  北化股份 · 中性空间%                                36.00  
194    266  国泰集团 · 乐观价                                  12.30  
195    266  国泰集团 · 中性空间%                                23.10  
212    276  广东宏大 · 加仓区                                  24.00  
227    281  国泰集团 · 加仓区                                   9.50  
243    381  中天火箭 · 公告                                 2025.00  

↑ 请对上述每个数据点，从以下信源取数，填入 fetched_value：
  美股：macrotrends.net（主）+ stockanalysis.com（副）
  港股：aastocks.com（主）+ macrotrends ADR（副）
  A股： eastmoney.com（主）+ cninfo.com.cn（副）

