======================================================================
报告数据抽检清单
文件：reports\bottleneck-map\国防含能材料-民爆-防务材料链-bottleneck-20260710.md
总提取数据点：84  |  抽样比例：15%  |  抽检数量：13
======================================================================

 ID     行号  数据标签                                          报告值  单位
───  ─────  ───────────────────────────────────  ────────────  ──────
  7    164  易普力 · 25xPE退出市值                            469.11  
 18    166  广东宏大 · 代码                                 2683.00  
 22    166  广东宏大 · 10年后净利                               29.73  
 25    166  广东宏大 · 为达到10%年化所需2036净利                     22.34  
 33    167  雪峰科技 · 为达到10%年化所需2036净利                      7.82  
 35    168  江南化工 · 2025净利                                7.58  
 49    169  壶化股份 · 为达到10%年化所需2036净利                      3.45  
 43    169  壶化股份 · 2025净利                                1.72  
 73    172  高争民爆 · 为达到10%年化所需2036净利                      6.48  
 76    173  中天火箭 · 当前市值                                 90.81  
 78    173  中天火箭 · 10年后净利                                4.12  
 83    193  近期（1-3月）                                  2026.00  
 82    291  当前估值隐含什么？ · 回答                            2025.00  

↑ 请对上述每个数据点，从以下信源取数，填入 fetched_value：
  美股：macrotrends.net（主）+ stockanalysis.com（副）
  港股：aastocks.com（主）+ macrotrends ADR（副）
  A股： eastmoney.com（主）+ cninfo.com.cn（副）

