======================================================================
[1m报告数据抽检 — 准出/打回判决[0m
报告：reports\国防含能材料-民爆-防务材料链\国防含能材料-民爆-防务材料链-industry-funnel-20260713.md
======================================================================

  [92m✅ 通过[0m [ 4] 易普力市值                                报告:       108.66 亿元
                                                    Tencent quote 2026-07-13: 108.66 (偏差 0.00%)  |  financial_rigor price x total shares: 108.66 (偏差 0.00%)
  [92m✅ 通过[0m [ 5] 江南化工代码                               报告:      2226.00 
                                                    Tencent quote: 2226.00 (偏差 0.00%)  |  CNINFO annual filing: 2226.00 (偏差 0.00%)
  [92m✅ 通过[0m [12] 金奥博代码                                报告:      2917.00 
                                                    Tencent quote: 2917.00 (偏差 0.00%)  |  CNINFO annual filing: 2917.00 (偏差 0.00%)
  [92m✅ 通过[0m [15] 雪峰科技市值                               报告:        75.45 亿元
                                                    Tencent quote 2026-07-13: 75.45 (偏差 0.00%)  |  price x annual-report share count cross-check: 75.45 (偏差 0.00%)
  [92m✅ 通过[0m [14] 雪峰科技代码                               报告:    603227.00 
                                                    Tencent quote: 603227.00 (偏差 0.00%)  |  CNINFO annual filing: 603227.00 (偏差 0.00%)
  [92m✅ 通过[0m [18] 国泰集团代码                               报告:    603977.00 
                                                    Tencent quote: 603977.00 (偏差 0.00%)  |  CNINFO annual filing: 603977.00 (偏差 0.00%)
  [92m✅ 通过[0m [29] 中天火箭市值                               报告:       100.23 亿元
                                                    Tencent quote 2026-07-13: 100.23 (偏差 0.00%)  |  price x annual-report share count cross-check: 100.23 (偏差 0.00%)
  [92m✅ 通过[0m [28] 中天火箭代码                               报告:      3009.00 
                                                    Tencent quote: 3009.00 (偏差 0.00%)  |  CNINFO annual filing: 3009.00 (偏差 0.00%)
  [92m✅ 通过[0m [30] Rheinmetall市值                        报告:        53.37 B USD
                                                    CompaniesMarketCap 2026-07-13: 53.37 (偏差 0.00%)  |  StockAnalysis EUR46.17B converted at about 1.156 USD/EUR: 53.37 (偏差 0.00%)
  [92m✅ 通过[0m [32] BAE Systems行业占比估计上限                  报告:        30.00 %
                                                    report explicitly labels estimate below 30 percent: 30.00 (偏差 0.00%)  |  company segment disclosure qualitative cross-check; not used in hard screen: 30.00 (偏差 0.00%)
  [92m✅ 通过[0m [36] Leonardo行业占比估计上限                     报告:        30.00 %
                                                    report explicitly labels estimate below 30 percent: 30.00 (偏差 0.00%)  |  company segment disclosure qualitative cross-check; not used in hard screen: 30.00 (偏差 0.00%)
  [92m✅ 通过[0m [55] 易普力ROE                               报告:        10.30 %
                                                    Eastmoney F10 2025: 10.27 (偏差 0.29%)  |  CNINFO 2025 annual report: 10.27 (偏差 0.29%)
  [92m✅ 通过[0m [65] 北化股份ROE                              报告:         8.90 %
                                                    Eastmoney F10 2025: 8.94 (偏差 0.45%)  |  CNINFO 2025 annual report: 8.94 (偏差 0.45%)
  [92m✅ 通过[0m [70] 雅化集团经营现金流净利比绝对值                      报告:       103.60 %
                                                    Eastmoney F10 2025; actual sign is negative and preserved in report: 103.65 (偏差 0.05%)  |  CNINFO 2025 annual report cash flow; audit extractor drops minus sign: 103.65 (偏差 0.05%)
  [92m✅ 通过[0m [76] 金奥博粗筛通过项数量                           报告:         4.00 项
                                                    funnel hard-screen rule table: 4.00 (偏差 0.00%)  |  funnel_hard_screen_20260713.csv manual recount: 4.00 (偏差 0.00%)
  [92m✅ 通过[0m [82] 保利联合ROE绝对值                           报告:        55.90 %
                                                    Eastmoney F10 2025; actual ROE is negative: 55.92 (偏差 0.04%)  |  CNINFO 2025 annual report; audit extractor drops minus sign: 55.92 (偏差 0.04%)
  [92m✅ 通过[0m [87] 国泰集团经营现金流净利比                         报告:        72.60 %
                                                    Eastmoney F10 2025: 72.56 (偏差 0.06%)  |  CNINFO 2025 annual report cash flow cross-check: 72.56 (偏差 0.06%)
  [92m✅ 通过[0m [95] 壶化股份PE                               报告:        19.59 x
                                                    Tencent quote 2026-07-13: 19.59 (偏差 0.00%)  |  market cap divided by 2025 parent net profit: 19.59 (偏差 0.00%)
  [92m✅ 通过[0m [115] 易普力关键风险引用季度年份                        报告:      2026.00 year
                                                    Eastmoney latest report date 2026-03-31: 2026.00 (偏差 0.00%)  |  report context 2026Q1: 2026.00 (偏差 0.00%)

----------------------------------------------------------------------
  抽检总数: 19  |  通过: [92m19[0m  |  警告: [93m0[0m  |  不通过: [91m0[0m

[1m[92m【准出】所有抽检数据通过，报告可发布。[0m
======================================================================
