======================================================================
报告数据抽检清单
文件：reports\华钰矿业\华钰矿业-investment-team-20260714.md
总提取数据点：134  |  抽样比例：15%  |  抽检数量：21
随机种子：42（可用于复现同一批样本）
======================================================================

 ID     行号  数据标签                                          报告值  单位
───  ─────  ───────────────────────────────────  ────────────  ──────
  2     40  2026-07-14 收盘价 · 核验说明                       19.38  
  7     43  2025 报告 EPS · 数值                             1.06  
  9     44  报告 EPS 口径 PE · 核验说明                         19.38  
  8     44  报告 EPS 口径 PE · 数值                           18.28  x
 23     71  铅锑精矿含银 · 毛利率                                51.32  %
 24     72  锌精矿 · 收入                                     2.55  亿元
 29     73  锑精矿 · 毛利率                                   50.27  %
 27     73  锑精矿 · 收入                                     0.13  亿元
 36     82  铅锑精矿含银 · 收入                              11163.48  
 51     93  扎西康矿山 · 仍需证明                              2026.00  
 56     95  泥堡 / 亚太矿业 · 已兑现事实                           59.71  
 57     95  泥堡 / 亚太矿业 · 仍需证明                          2025.00  
 58     97  埃塞项目 · 权益 / 状态                              70.00  %
 60     97  埃塞项目 · 仍需证明                               2025.00  
 63    141  成本优势 · 评分                                    2.00  
 71    201  亚太 / 泥堡 · 反面                              2025.00  
 72    202  亚太担保 · 反面                                    9.10  亿元
109    268  中性 · 三年后 EPS                                 0.95  
108    268  中性 · 目标 PE                                  16.00  x
115    269  悲观 · 目标价                                     4.00  
130    409  腾讯行情与新浪行情                                 2026.00  

↑ 请对上述每个数据点，从以下信源取数，填入 fetched_value：
  美股：macrotrends.net（主）+ stockanalysis.com（副）
  港股：aastocks.com（主）+ macrotrends ADR（副）
  A股： eastmoney.com（主）+ cninfo.com.cn（副）

