======================================================================
报告数据抽检清单
文件：reports\华钰矿业\华钰矿业研究报告-20260709.md
总提取数据点：51  |  抽样比例：15%  |  抽检数量：8
随机种子：42（可用于复现同一批样本）
======================================================================

 ID     行号  数据标签                                          报告值  单位
───  ─────  ───────────────────────────────────  ────────────  ──────
  2     37  财务与估值 · 评分                                   3.00  
  8     53  市值 · 数值                                    171.54  亿元
  9     54  2025 EPS · 数值                                1.06  
 16     77  铅锑精矿含银 · 毛利率                                51.32  %
 15     77  铅锑精矿含银 · 2025 收入                             8.45  亿元
 18     78  锌精矿 · 毛利率                                   47.99  %
 48    192  管理层评分                                        2.50  
 41    219  悲观 · 目标价                                     7.70  

↑ 请对上述每个数据点，从以下信源取数，填入 fetched_value：
  美股：macrotrends.net（主）+ stockanalysis.com（副）
  港股：aastocks.com（主）+ macrotrends ADR（副）
  A股： eastmoney.com（主）+ cninfo.com.cn（副）

