======================================================================
[1m报告数据抽检 — 准出/打回判决[0m
报告：reports\华钰矿业\华钰矿业研究报告-20260709.md
======================================================================

  [92m✅ 通过[0m [ 2] 财务与估值评分                              报告:         3.00 分
                                                    team-lead综合评分表: 3.00 (偏差 0.00%)  |  financial_rigor日志与东方财富/公司年报核验后的主观评分: 3.00 (偏差 0.00%)
  [92m✅ 通过[0m [ 8] 市值                                   报告:       171.54 亿元
                                                    腾讯行情快照 data/601020/tencent_quote_20260709.txt: 171.54 (偏差 0.00%)  |  financial_rigor.py calc 20.92*819964698: 171.54 (偏差 0.00%)
  [92m✅ 通过[0m [ 9] 2025 EPS                             报告:         1.06 元
                                                    东方财富主财务指标 data/601020/eastmoney_main_20260709.json: 1.06 (偏差 0.00%)  |  华钰矿业2025年年度报告: 1.06 (偏差 0.00%)
  [92m✅ 通过[0m [16] 铅锑精矿含银毛利率                            报告:        51.32 %
                                                    华钰矿业2025年年度报告产品结构表: 51.32 (偏差 0.00%)  |  business/industry分报告从年报交叉摘录: 51.32 (偏差 0.00%)
  [92m✅ 通过[0m [15] 铅锑精矿含银2025收入                         报告:         8.45 亿元
                                                    华钰矿业2025年年度报告产品结构表: 8.45 (偏差 0.06%)  |  industry分报告从年报交叉摘录: 8.45 (偏差 0.06%)
  [92m✅ 通过[0m [18] 锌精矿毛利率                               报告:        47.99 %
                                                    华钰矿业2025年年度报告产品结构表: 47.99 (偏差 0.00%)  |  industry分报告从年报交叉摘录: 47.99 (偏差 0.00%)
  [92m✅ 通过[0m [48] 管理层评分                                报告:         2.50 分
                                                    team-lead治理主观评分: 2.50 (偏差 0.00%)  |  risk-assessor分报告基于公告/监管记录的评分: 2.50 (偏差 0.00%)
  [92m✅ 通过[0m [41] 悲观目标价                                报告:         7.70 元
                                                    financial_rigor.py three-scenario日志: 7.72 (偏差 0.26%)  |  报告四舍五入结果: 7.70 (偏差 0.00%)

----------------------------------------------------------------------
  抽检总数: 8  |  通过: [92m8[0m  |  警告: [93m0[0m  |  不通过: [91m0[0m

[1m[92m【准出】所有抽检数据通过，报告可发布。[0m
======================================================================
