======================================================================
[1m报告数据抽检 — 准出/打回判决[0m
报告：reports\华钰矿业\华钰矿业-investment-team-20260714.md
======================================================================

  [92m✅ 通过[0m [ 2] 2026-07-14收盘价                        报告:        19.38 元
                                                    腾讯行情20260714161442: 19.38 (偏差 0.00%)  |  新浪行情2026-07-14 15:34:59: 19.38 (偏差 0.00%)
  [92m✅ 通过[0m [ 7] 2025报告EPS                            报告:         1.06 元
                                                    华钰矿业2025年年度报告: 1.06 (偏差 0.00%)  |  东方财富主财务指标: 1.06 (偏差 0.00%)
  [92m✅ 通过[0m [ 9] 报告PE算式中的股价                           报告:        19.38 元
                                                    腾讯行情: 19.38 (偏差 0.00%)  |  新浪行情: 19.38 (偏差 0.00%)
  [92m✅ 通过[0m [ 8] 报告EPS口径PE                            报告:        18.28 x
                                                    financial_rigor.py verify-valuation: 18.28 (偏差 0.02%)  |  19.38除以1.06独立复算: 18.28 (偏差 0.02%)
  [92m✅ 通过[0m [23] 铅锑精矿含银2025毛利率                        报告:        51.32 %
                                                    华钰矿业2025年年度报告产品表: 51.32 (偏差 0.00%)  |  business-analyst年报摘录复核: 51.32 (偏差 0.00%)
  [92m✅ 通过[0m [24] 锌精矿2025收入                            报告:         2.55 亿元
                                                    华钰矿业2025年年度报告产品表: 2.55 (偏差 0.00%)  |  business-analyst年报摘录复核: 2.55 (偏差 0.00%)
  [92m✅ 通过[0m [29] 锑精矿2025毛利率                           报告:        50.27 %
                                                    华钰矿业2025年年度报告产品表: 50.27 (偏差 0.00%)  |  business-analyst年报摘录复核: 50.27 (偏差 0.00%)
  [92m✅ 通过[0m [27] 锑精矿2025收入                            报告:         0.13 亿元
                                                    华钰矿业2025年年度报告产品表: 0.13 (偏差 0.00%)  |  business-analyst年报摘录复核: 0.13 (偏差 0.00%)
  [92m✅ 通过[0m [36] 2026Q1铅锑精矿含银收入                       报告:     11163.48 万元
                                                    华钰矿业2026Q1生产经营数据公告: 11163.48 (偏差 0.00%)  |  本地PDF原页视觉复核并与Q1收入总额勾稽: 11163.48 (偏差 0.00%)
  [92m✅ 通过[0m [51] 扎西康2026计划年份                          报告:      2026.00 年
                                                    华钰矿业2025年年度报告2026经营计划: 2026.00 (偏差 0.00%)  |  business-analyst经营计划摘录: 2026.00 (偏差 0.00%)
  [92m✅ 通过[0m [56] 泥堡黄金资源量                              报告:        59.71 吨
                                                    华钰矿业2025年年度报告: 59.71 (偏差 0.00%)  |  亚太矿业监管工作函回复: 59.71 (偏差 0.00%)
  [92m✅ 通过[0m [57] 泥堡2025并表期年份                          报告:      2025.00 年
                                                    华钰矿业2025年年度报告: 2025.00 (偏差 0.00%)  |  亚太矿业并购与监管回复: 2025.00 (偏差 0.00%)
  [92m✅ 通过[0m [58] 埃塞项目持股比例                             报告:        70.00 %
                                                    华钰矿业2025年年度报告: 70.00 (偏差 0.00%)  |  公司海外项目披露: 70.00 (偏差 0.00%)
  [92m✅ 通过[0m [60] 埃塞项目2025无产量年份                        报告:      2025.00 年
                                                    华钰矿业2025年年度报告: 2025.00 (偏差 0.00%)  |  2025生产经营数据公告未列埃塞产量: 2025.00 (偏差 0.00%)
  [92m✅ 通过[0m [63] 成本优势评分                               报告:         2.00 分/5
                                                    business-analyst基于C1和AISC披露缺口评分: 2.00 (偏差 0.00%)  |  team-lead护城河复核评分: 2.00 (偏差 0.00%)
  [92m✅ 通过[0m [71] 亚太并表期年份                              报告:      2025.00 年
                                                    华钰矿业2025年年度报告: 2025.00 (偏差 0.00%)  |  亚太矿业监管工作函回复: 2025.00 (偏差 0.00%)
  [92m✅ 通过[0m [72] 亚太矿业担保上限合计                           报告:         9.10 亿元
                                                    6.1亿元固定资产贷款担保加3亿元流动资金贷款担保公告: 9.10 (偏差 0.00%)  |  risk-assessor逐份担保公告复核: 9.10 (偏差 0.00%)
  [92m✅ 通过[0m [109] 中性情景三年后EPS                           报告:         0.95 元
                                                    financial_rigor.py three-scenario: 0.95 (偏差 0.00%)  |  0.5505699024乘以1.2三次独立复算: 0.95 (偏差 0.15%)
  [92m✅ 通过[0m [108] 中性情景目标PE                             报告:        16.00 x
                                                    team-lead中性情景假设: 16.00 (偏差 0.00%)  |  financial_rigor.py模型输入: 16.00 (偏差 0.00%)
  [92m✅ 通过[0m [115] 悲观情景目标价                              报告:         4.00 元
                                                    financial_rigor.py three-scenario: 4.00 (偏差 0.00%)  |  0.5505699024乘以0.9三次再乘10独立复算: 4.01 (偏差 0.34%)
  [92m✅ 通过[0m [130] 行情来源年份                               报告:      2026.00 年
                                                    腾讯行情时间戳20260714161442: 2026.00 (偏差 0.00%)  |  新浪行情日期2026-07-14: 2026.00 (偏差 0.00%)

----------------------------------------------------------------------
  抽检总数: 21  |  通过: [92m21[0m  |  警告: [93m0[0m  |  不通过: [91m0[0m

[1m[92m【准出】所有抽检数据通过，报告可发布。[0m
======================================================================
