=== verify-market-cap ===
============================================================
市值验算 (Market Cap Verification)
============================================================
  股价 (Price):       20.92 CNY
  总股本 (Shares):    819.96M
  计算市值:           17.15B CNY
  报告市值:           17.15B CNY
  偏差:               0.00%

  ✅ 验证通过, 偏差仅 0.00%
=== verify-valuation ===
============================================================
估值指标验算 (Valuation Verification)
============================================================
  当前股价: 20.92

  PE (TTM):  20.92 / 1.06 = 19.74x
  盈利收益率: 5.07%
  PB:        20.92 / 5.244271082022 = 3.99x
  ROE:       1.06 / 5.244271082022 = 20.21%

  ✅ 以上指标均使用精确十进制计算, 无浮点误差
=== calc market cap ===
============================================================
精确计算 (Exact Calculator)
============================================================
  表达式: 20.92 * 819964698
  结果:   17.15B
  精确值: 17153661482.160002
=== cross-validate revenue ===
============================================================
交叉验证: 2025营业收入 (Cross-Validation)
============================================================
  数据来源数: 2
  参考中位数: 20.71 亿元

  ✅ 东方财富                : 20.71 亿元  (偏差 0.00%)
  ✅ 公司年报                : 20.71 亿元  (偏差 0.00%)

  ✅ 所有来源偏差 ≤ 2.0%, 数据一致

  共识值 (加权中位数): 20.71 亿元
=== cross-validate parent net profit ===
============================================================
交叉验证: 2025归母净利润 (Cross-Validation)
============================================================
  数据来源数: 2
  参考中位数: 8.71 亿元

  ✅ 东方财富                : 8.71 亿元  (偏差 0.00%)
  ✅ 公司年报                : 8.71 亿元  (偏差 0.00%)

  ✅ 所有来源偏差 ≤ 2.0%, 数据一致

  共识值 (加权中位数): 8.71 亿元
