AI opportunity scan progress 1/93 · 002594.SZ · ready
AI opportunity scan progress 2/93 · 002202.SZ · ready
AI opportunity scan progress 3/93 · 301666.SZ · partial
AI opportunity scan progress 4/93 · 002353.SZ · ready
AI opportunity scan progress 5/93 · 603129.SH · ready
AI opportunity scan progress 6/93 · 605117.SH · ready
AI opportunity scan progress 7/93 · 002272.SZ · ready
AI opportunity scan progress 8/93 · 002683.SZ · ready
AI opportunity scan progress 9/93 · 000988.SZ · ready
AI opportunity scan progress 10/93 · 603005.SH · ready
AI opportunity scan progress 11/93 · 603993.SH · ready
AI opportunity scan progress 12/93 · 688017.SH · ready
AI opportunity scan progress 13/93 · 688361.SH · ready
AI opportunity scan progress 14/93 · 600795.SH · ready
AI opportunity scan progress 15/93 · 601038.SH · ready
AI opportunity scan progress 16/93 · 600309.SH · partial
AI opportunity scan progress 17/93 · 688008.SH · ready
AI opportunity scan progress 18/93 · 600031.SH · ready
AI opportunity scan progress 19/93 · 000682.SZ · ready
AI opportunity scan progress 20/93 · 603606.SH · ready
AI opportunity scan progress 21/93 · 601156.SH · ready
AI opportunity scan progress 22/93 · 601717.SH · ready
AI opportunity scan progress 23/93 · 601727.SH · ready
AI opportunity scan progress 24/93 · 600176.SH · ready
AI opportunity scan progress 25/93 · 605499.SH · ready
AI opportunity scan progress 26/93 · 601318.SH · ready
AI opportunity scan progress 27/93 · 003816.SZ · ready
AI opportunity scan progress 28/93 · 601088.SH · ready
AI opportunity scan progress 29/93 · 600941.SH · ready
AI opportunity scan progress 30/93 · 601179.SH · ready
AI opportunity scan progress 31/93 · 601919.SH · ready
AI opportunity scan progress 32/93 · 002179.SZ · ready
AI opportunity scan progress 33/93 · 000657.SZ · ready
AI opportunity scan progress 34/93 · 600372.SH · ready
AI opportunity scan progress 35/93 · 000858.SZ · ready
AI opportunity scan progress 36/93 · 600887.SH · ready
AI opportunity scan progress 37/93 · 002246.SZ · ready
AI opportunity scan progress 38/93 · 600141.SH · ready
AI opportunity scan progress 39/93 · 002027.SZ · ready
AI opportunity scan progress 40/93 · 601020.SH · ready
AI opportunity scan progress 41/93 · 600549.SH · partial
AI opportunity scan progress 42/93 · 002270.SZ · ready
AI opportunity scan progress 43/93 · 600420.SH · ready
AI opportunity scan progress 44/93 · 600406.SH · ready
AI opportunity scan progress 45/93 · 600161.SH · ready
AI opportunity scan progress 46/93 · 002142.SZ · ready
AI opportunity scan progress 47/93 · 601126.SH · ready
AI opportunity scan progress 48/93 · 601398.SH · ready
AI opportunity scan progress 49/93 · 600426.SH · ready
AI opportunity scan progress 50/93 · 600312.SH · ready
AI opportunity scan progress 51/93 · 601138.SH · ready
AI opportunity scan progress 52/93 · 002028.SZ · ready
AI opportunity scan progress 53/93 · 601975.SH · ready
AI opportunity scan progress 54/93 · 603228.SH · ready
AI opportunity scan progress 55/93 · 603298.SH · ready
AI opportunity scan progress 56/93 · 000651.SZ · ready
AI opportunity scan progress 57/93 · 600036.SH · ready
AI opportunity scan progress 58/93 · 600276.SH · ready
AI opportunity scan progress 59/93 · 002226.SZ · ready
AI opportunity scan progress 60/93 · 301308.SZ · ready
AI opportunity scan progress 61/93 · 002463.SZ · ready
AI opportunity scan progress 62/93 · 600809.SH · ready
AI opportunity scan progress 63/93 · 300124.SZ · partial
AI opportunity scan progress 64/93 · 000568.SZ · ready
AI opportunity scan progress 65/93 · 600000.SH · ready
AI opportunity scan progress 66/93 · 002415.SZ · ready
AI opportunity scan progress 67/93 · 002050.SZ · ready
AI opportunity scan progress 68/93 · 603288.SH · ready
AI opportunity scan progress 69/93 · 600089.SH · ready
AI opportunity scan progress 70/93 · 002916.SZ · ready
AI opportunity scan progress 71/93 · 600183.SH · ready
AI opportunity scan progress 72/93 · 002155.SZ · ready
AI opportunity scan progress 73/93 · 603659.SH · partial
AI opportunity scan progress 74/93 · 002049.SZ · ready
AI opportunity scan progress 75/93 · 000933.SZ · ready
AI opportunity scan progress 76/93 · 601899.SH · ready
AI opportunity scan progress 77/93 · 000333.SZ · ready
AI opportunity scan progress 78/93 · 688235.SH · ready
AI opportunity scan progress 79/93 · 600167.SH · ready
AI opportunity scan progress 80/93 · 002837.SZ · ready
AI opportunity scan progress 81/93 · 000408.SZ · ready
AI opportunity scan progress 82/93 · 000400.SZ · ready
AI opportunity scan progress 83/93 · 601127.SH · ready
AI opportunity scan progress 84/93 · 300760.SZ · ready
AI opportunity scan progress 85/93 · 688676.SH · ready
AI opportunity scan progress 86/93 · 002597.SZ · ready
AI opportunity scan progress 87/93 · 688271.SH · ready
AI opportunity scan progress 88/93 · 600900.SH · ready
AI opportunity scan progress 89/93 · 300274.SZ · ready
AI opportunity scan progress 90/93 · 600519.SH · ready
AI opportunity scan progress 91/93 · 002352.SZ · ready
AI opportunity scan progress 92/93 · 688825.SH · ready
AI opportunity scan progress 93/93 · 002600.SZ · ready
Wrote /opt/ai-berkshire/data/investment-dashboard/opportunity_scans.json · 88 ready · 5 stale · 0 error
