============================================================
精确计算 (Exact Calculator)
============================================================
  表达式: 665.71/86.1147
  结果:   7.73
  精确值: 7.7305036190104595
============================================================
精确计算 (Exact Calculator)
============================================================
  表达式: 782.35/25.0422
  结果:   31.24
  精确值: 31.241264745110254
============================================================
精确计算 (Exact Calculator)
============================================================
  表达式: 6369.58/393.5311
  结果:   16.19
  精确值: 16.185709337838865
============================================================
精确计算 (Exact Calculator)
============================================================
  表达式: 6369.58*(1.10**10)/25
  结果:   660.84
  精确值: 660.8420039601509
