======================================================================
报告数据抽检清单
文件：reports\半导体设备材料国产化\半导体设备材料国产化-industry-research-20260709.md
总提取数据点：157  |  抽样比例：15%  |  抽检数量：24
======================================================================

 ID     行号  数据标签                                          报告值  单位
───  ─────  ───────────────────────────────────  ────────────  ──────
  2     44  AI/HPC/存储 → 晶圆厂资本开支 · 主要来源                 300.00  
  6     47  设备验证 → 材料替代 · 主要来源                          10.00  
  5     47  设备验证 → 材料替代 · 当前证据                        2025.00  
 10     98  刻蚀/沉积 · 毛利率区间                               35.00  %
 20    156  北方华创 · 股价                                  878.43  
 28    157  中微公司 · 总市值                                4443.00  
 36    158  拓荆科技 · PE(TTM)                             147.10  
 37    158  拓荆科技 · 2025收入                               65.20  
 34    158  拓荆科技 · 股价                                  832.00  
 33    158  拓荆科技 · 代码                               688072.00  
 41    159  盛美上海 · 股价                                  432.60  
 47    160  华海清科 · 代码                               688120.00  
 52    160  华海清科 · 2025归母净利                             10.80  
 48    160  华海清科 · 股价                                  344.00  
 68    163  鼎龙股份 · 代码                               300054.00  
 79    164  江丰电子 · 2025收入                               46.00  
 91    166  雅克科技 · 总市值                                 666.00  
 99    167  沪硅产业 · PE(TTM)                              69.10  
104    168  XD华特气 · 股价                                 229.21  
103    168  XD华特气 · 代码                              688268.00  
117    170  彤程新材 · 代码                               603650.00  
139    209  江丰电子 · 2025经营                               46.00  亿
142    219  金宏气体 · 2025经营                               27.80  亿
148    276  核心仓位 · 买入纪律                                 60.00  

↑ 请对上述每个数据点，从以下信源取数，填入 fetched_value：
  美股：macrotrends.net（主）+ stockanalysis.com（副）
  港股：aastocks.com（主）+ macrotrends ADR（副）
  A股： eastmoney.com（主）+ cninfo.com.cn（副）

