======================================================================
报告数据抽检清单
文件：reports\半导体设备材料国产化\半导体设备材料国产化-industry-research-20260709.md
总提取数据点：157  |  抽样比例：15%  |  抽检数量：24
======================================================================

 ID     行号  数据标签                                          报告值  单位
───  ─────  ───────────────────────────────────  ────────────  ──────
  1     44  AI/HPC/存储 → 晶圆厂资本开支 · 当前证据                2025.00  
 15    103  CMP 材料 · 毛利率区间                              45.00  %
 31    157  中微公司 · 2025归母净利                             21.10  
 30    157  中微公司 · 2025收入                              123.80  
 38    158  拓荆科技 · 2025归母净利                              9.30  
 67    162  安集科技 · 毛利率                                  56.70  %
 68    163  鼎龙股份 · 代码                               300054.00  
 72    163  鼎龙股份 · 2025收入                               36.60  
 71    163  鼎龙股份 · PE(TTM)                             110.20  
 81    164  江丰电子 · 毛利率                                  27.20  %
 82    165  南大光电 · 代码                               300346.00  
 86    165  南大光电 · 2025收入                               25.90  
 94    166  雅克科技 · 2025归母净利                             10.00  
102    167  沪硅产业 · 毛利率                                  17.10  %
 99    167  沪硅产业 · PE(TTM)                              69.10  
 98    167  沪硅产业 · 总市值                                1059.00  
108    168  XD华特气 · 2025归母净利                             1.40  
117    170  彤程新材 · 代码                               603650.00  
129    171  精测电子 · 2025归母净利                              0.80  
135    198  华海清科 · 2025经营                               46.50  亿
140    217  南大光电 · 2025经营                               25.90  亿
141    218  华特气体 · 2025经营                               14.20  亿
142    219  金宏气体 · 2025经营                               27.80  亿
150    278  卫星仓位 · 仓位占比                                 15.00  %

↑ 请对上述每个数据点，从以下信源取数，填入 fetched_value：
  美股：macrotrends.net（主）+ stockanalysis.com（副）
  港股：aastocks.com（主）+ macrotrends ADR（副）
  A股： eastmoney.com（主）+ cninfo.com.cn（副）

