======================================================================
[1m报告数据抽检 — 准出/打回判决[0m
报告：reports\生益科技\生益科技研究报告-20260709.md
======================================================================

  [92m✅ 通过[0m [ 5] 行业与竞争 · 评分                           报告:         4.00 
                                                    四角色行业研究汇总: 4.00 (偏差 0.00%)  |  最终报告评分表: 4.00 (偏差 0.00%)
  [92m✅ 通过[0m [ 7] 收盘价 · 数值                             报告:       157.40 
                                                    腾讯行情 20260709 16:14:49: 157.40 (偏差 0.00%)  |  financial_rigor marketcap log: 157.40 (偏差 0.00%)
  [92m✅ 通过[0m [14] 2026Q1 每股净资产 · 数值                    报告:         7.38 
                                                    2026Q1归母权益/总股本: 7.38 (偏差 0.00%)  |  data/生益科技/shengyi_facts_20260709.json: 7.38 (偏差 0.00%)
  [92m✅ 通过[0m [17] 营业收入 · 2024                          报告:       203.88 亿元
                                                    2025年报主要会计数据: 203.88 (偏差 0.00%)  |  东方财富年报摘要: 203.88 (偏差 0.00%)
  [92m✅ 通过[0m [25] 扣非归母净利润 · 2026Q1                     报告:        10.83 亿元
                                                    2026Q1报告PDF: 10.83 (偏差 0.02%)  |  季报摘要: 10.83 (偏差 0.00%)
  [92m✅ 通过[0m [30] EPS · 2024                           报告:         0.74 
                                                    2025年报主要财务指标: 0.74 (偏差 0.00%)  |  年报摘要: 0.74 (偏差 0.00%)
  [92m✅ 通过[0m [34] 加权 ROE · 2024                        报告:        12.17 %
                                                    2025年报主要财务指标: 12.17 (偏差 0.00%)  |  年报摘要: 12.17 (偏差 0.00%)
  [92m✅ 通过[0m [39] 总资产 · 2026Q1                         报告:       362.07 亿元
                                                    2026Q1报告PDF: 362.07 (偏差 0.00%)  |  data/生益科技/shengyi_facts_20260709.json: 362.07 (偏差 0.00%)
  [92m✅ 通过[0m [38] 总资产 · 2025                           报告:       327.70 亿元
                                                    2025年报主要会计数据: 327.70 (偏差 0.00%)  |  data/生益科技/shengyi_facts_20260709.json: 327.70 (偏差 0.00%)
  [92m✅ 通过[0m [41] 归母权益 · 2025                          报告:       167.24 亿元
                                                    2025年报主要会计数据: 167.24 (偏差 0.00%)  |  data/生益科技/shengyi_facts_20260709.json: 167.24 (偏差 0.00%)
  [92m✅ 通过[0m [63] 基准 · 目标 PE                           报告:        35.00 x
                                                    financial_rigor scenario input: 35.00 (偏差 0.00%)  |  logs/shengyi_financial_rigor_scenario_eps192_20260709.log: 35.00 (偏差 0.00%)
  [92m✅ 通过[0m [70] 悲观 · 目标价                             报告:        44.50 
                                                    financial_rigor scenario output: 44.50 (偏差 0.00%)  |  logs/shengyi_financial_rigor_scenario_eps192_20260709.log: 44.50 (偏差 0.00%)

----------------------------------------------------------------------
  抽检总数: 12  |  通过: [92m12[0m  |  警告: [93m0[0m  |  不通过: [91m0[0m

[1m[92m【准出】所有抽检数据通过，报告可发布。[0m
======================================================================
