======================================================================
报告数据抽检清单
文件：reports\生益科技\生益科技研究报告-20260709.md
总提取数据点：80  |  抽样比例：15%  |  抽检数量：12
======================================================================

 ID     行号  数据标签                                          报告值  单位
───  ─────  ───────────────────────────────────  ────────────  ──────
  5     32  行业与竞争 · 评分                                   4.00  
  7     46  收盘价 · 数值                                   157.40  
 14     53  2026Q1 每股净资产 · 数值                            7.38  
 17     61  营业收入 · 2024                                203.88  亿元
 25     63  扣非归母净利润 · 2026Q1                            10.83  亿元
 30     65  EPS · 2024                                   0.74  
 34     66  加权 ROE · 2024                               12.17  %
 39     67  总资产 · 2026Q1                               362.07  亿元
 38     67  总资产 · 2025                                 327.70  亿元
 41     68  归母权益 · 2025                                167.24  亿元
 63    173  基准 · 目标 PE                                  35.00  x
 70    174  悲观 · 目标价                                    44.50  

↑ 请对上述每个数据点，从以下信源取数，填入 fetched_value：
  美股：macrotrends.net（主）+ stockanalysis.com（副）
  港股：aastocks.com（主）+ macrotrends ADR（副）
  A股： eastmoney.com（主）+ cninfo.com.cn（副）

