======================================================================
报告数据抽检清单
文件：reports\中钨高新\中钨高新-investment-team-20260709.md
总提取数据点：93  |  抽样比例：15%  |  抽检数量：14
======================================================================

 ID     行号  数据标签                                          报告值  单位
───  ─────  ───────────────────────────────────  ────────────  ──────
  5     25  风险、治理与长期确定性 · 评分                             3.20  
  6     38  收盘价 · 数值                                    75.99  
 10     42  PE（按 2025 EPS 0.58） · 数值                   131.02  x
 14     52  2021A · 营业收入                               120.94  
 18     52  2021A · 净利率                                  5.28  %
 24     53  2022A · 毛利率                                 17.53  %
 30     54  2023A · 扣非归母净利润                              3.34  
 38     55  2024A · 毛利率                                 23.08  %
 37     55  2024A · 扣非归母净利润                              1.62  
 46     56  2025A · 净利率                                  7.89  %
 43     56  2025A · 归母净利润                               12.81  
 53     69  其他硬质合金 · 收入占比                               25.65  %
 75    214  悲观 · 3 年目标 EPS                               0.62  
 74    214  悲观 · 目标 PE                                  25.00  x

↑ 请对上述每个数据点，从以下信源取数，填入 fetched_value：
  美股：macrotrends.net（主）+ stockanalysis.com（副）
