======================================================================
[1m报告数据抽检 — 准出/打回判决[0m
报告：reports\中钨高新\中钨高新-investment-team-20260709.md
======================================================================

  ⬜ [ 4] 行业格局与竞争 · 评分                                4.00   →  [未提供核验值，跳过]
  ⬜ [ 5] 风险、治理与长期确定性 · 评分                            3.20   →  [未提供核验值，跳过]
  ⬜ [12] PB · 来源/说明                                 10.00 B  →  [未提供核验值，跳过]
  [92m✅ 通过[0m [15] 2021A · 归母净利润                        报告:         5.28 亿元
                                                    东方财富F10: 5.28 (偏差 0.08%)  |  公司年报/追溯口径: 5.28 (偏差 0.08%)
  [92m✅ 通过[0m [18] 2021A · 净利率                          报告:         5.28 %
                                                    东方财富F10: 5.28 (偏差 0.01%)  |  公司年报/追溯口径: 5.28 (偏差 0.01%)
  [92m✅ 通过[0m [14] 2021A · 营业收入                         报告:       120.94 亿元
                                                    东方财富F10: 120.94 (偏差 0.00%)  |  公司年报/追溯口径: 120.94 (偏差 0.00%)
  [92m✅ 通过[0m [32] 2023A · 净利率                          报告:         6.65 %
                                                    东方财富F10: 6.65 (偏差 0.04%)  |  公司年报/追溯口径: 6.65 (偏差 0.04%)
  [92m✅ 通过[0m [29] 2023A · 归母净利润                        报告:         8.00 亿元
                                                    东方财富F10: 8.00 (偏差 0.03%)  |  公司年报/追溯口径: 8.00 (偏差 0.03%)
  [92m✅ 通过[0m [36] 2024A · 归母净利润                        报告:         9.91 亿元
                                                    东方财富F10: 9.91 (偏差 0.03%)  |  公司年报/追溯口径: 9.91 (偏差 0.03%)
  [92m✅ 通过[0m [55] 切削刀具及工具 · 2025 收入                    报告:        36.11 亿元
                                                    中钨高新2025年报分产品表: 36.11 (偏差 0.00%)  |  business/industry agent PDF extraction: 36.11 (偏差 0.00%)
  [92m✅ 通过[0m [70] 中性 · 3 年目标 EPS                       报告:         0.93 元
                                                    financial_rigor three-scenario: 0.93 (偏差 0.00%)  |  data/000657/financial_validation_20260709.txt: 0.93 (偏差 0.00%)
  [92m✅ 通过[0m [76] 悲观 · 目标股价                            报告:        15.60 元
                                                    financial_rigor three-scenario: 15.60 (偏差 0.00%)  |  data/000657/financial_validation_20260709.txt: 15.60 (偏差 0.00%)
  ⬜ [82] 已持有者 · 价格/触发区间                             75.00 元  →  [未提供核验值，跳过]
  ⬜ [87] 东方财富全部报告期财务 JSON · 路径                     657.00   →  [未提供核验值，跳过]

----------------------------------------------------------------------
  抽检总数: 9  |  通过: [92m9[0m  |  警告: [93m0[0m  |  不通过: [91m0[0m

[1m[92m【准出】所有抽检数据通过，报告可发布。[0m
======================================================================
