======================================================================
报告数据抽检清单
文件：reports/厦门钨业/厦门钨业-investment-team-20260709.md
总提取数据点：65  |  抽样比例：15%  |  抽检数量：10
随机种子：42（可用于复现同一批样本）
======================================================================

 ID     行号  数据标签                                          报告值  单位
───  ─────  ───────────────────────────────────  ────────────  ──────
  4     12  TTM估值 · 当前摘要                                 1.91  
  7     40  财务与估值 · 评分                                   3.10  
  9     41  行业与竞争 · 评分                                   3.60  
 15     53  钨钼业务 · 2026Q1利润总额                           17.63  亿元
 16     53  钨钼业务 · 判断                                 2026.00  
 18     54  能源新材料 · 2025利润总额                             8.58  亿元
 44    230  合并权益口径PB · 结果                               64.71  
 48    239  乐观 · 目标EPS                                   2.68  
 63    266  已持有者 · 价格/条件                                80.00  
 65    302  PB · 来源2                                     5.98  x

↑ 请对上述每个数据点，从以下信源取数，填入 fetched_value：
  美股：macrotrends.net（主）+ stockanalysis.com（副）
  港股：aastocks.com（主）+ macrotrends ADR（副）
  A股： eastmoney.com（主）+ cninfo.com.cn（副）

