======================================================================
[1m报告数据抽检 — 准出/打回判决[0m
报告：reports/厦门钨业/厦门钨业-investment-team-20260709.md
======================================================================

  [92m✅ 通过[0m [ 4] TTM估值 EPS                            报告:         1.91 元/股
                                                    中财网PE口径+年报/一季报TTM复算: 1.91 (偏差 0.26%)  |  financial_rigor.py: 1.91 (偏差 0.26%)
  [92m✅ 通过[0m [ 7] 财务与估值评分                              报告:         3.10 分/5
                                                    investment-team财务Agent评分折算: 3.10 (偏差 0.00%)  |  team-lead汇总模型: 3.10 (偏差 0.00%)
  [92m✅ 通过[0m [ 9] 行业与竞争评分                              报告:         3.60 分/5
                                                    industry-researcher评分: 3.60 (偏差 0.00%)  |  team-lead汇总模型: 3.60 (偏差 0.00%)
  [92m✅ 通过[0m [15] 钨钼业务2026Q1利润总额                       报告:        17.63 亿元
                                                    厦门钨业2026Q1报告: 17.63 (偏差 0.00%)  |  东方财富/公告镜像: 17.63 (偏差 0.00%)
  [92m✅ 通过[0m [16] 钨钼业务判断中年份                            报告:      2026.00 年
                                                    厦门钨业2026Q1报告: 2026.00 (偏差 0.00%)  |  报告运行日期: 2026.00 (偏差 0.00%)
  [92m✅ 通过[0m [18] 能源新材料2025利润总额                        报告:         8.58 亿元
                                                    厦门钨业2025年报: 8.58 (偏差 0.00%)  |  东方财富PDF公告镜像: 8.58 (偏差 0.00%)
  [92m✅ 通过[0m [44] 合并权益口径PB算式股价                         报告:        64.71 元
                                                    中财网2026-07-09行情: 64.71 (偏差 0.00%)  |  financial_rigor.py输入复核: 64.71 (偏差 0.00%)
  [92m✅ 通过[0m [48] 乐观情景目标EPS                            报告:         2.68 元/股
                                                    financial_rigor.py三情景估值: 2.68 (偏差 0.00%)  |  team-lead估值假设: 2.68 (偏差 0.00%)
  [92m✅ 通过[0m [63] 已持有者减仓观察价                            报告:        80.00 元
                                                    financial_rigor.py乐观目标价: 80.30 (偏差 0.37%)  |  报告动作阈值取整: 80.00 (偏差 0.00%)
  [92m✅ 通过[0m [65] 归母权益口径PB                             报告:         5.98 x
                                                    financial_rigor.py归母BVPS口径: 5.98 (偏差 0.00%)  |  中财网行情+年报归母净资产自算: 5.97 (偏差 0.17%)

----------------------------------------------------------------------
  抽检总数: 10  |  通过: [92m10[0m  |  警告: [93m0[0m  |  不通过: [91m0[0m

[1m[92m【准出】所有抽检数据通过，报告可发布。[0m
======================================================================
