======================================================================
[1m报告数据抽检 — 准出/打回判决[0m
报告：reports/国电南瑞/国电南瑞研究报告-20260709.md
======================================================================

  [92m✅ 通过[0m [ 4] 电网智能 · 占主营收入                         报告:        50.50 %
                                                    国电南瑞2025年报p27：电网智能收入334.2215536842亿元；主营合计约661.5591437096亿元: 50.50 (偏差 0.00%)  |  按年报分部收入精确计算: 50.50 (偏差 0.00%)
  [92m✅ 通过[0m [ 5] 电网智能 · 毛利率                           报告:        30.12 %
                                                    国电南瑞2025年报p27分行业表: 30.12 (偏差 0.00%)  |  巨潮PDF原文同表: 30.12 (偏差 0.00%)
  [92m✅ 通过[0m [14] 工业互联 · 毛利率                           报告:        21.56 %
                                                    国电南瑞2025年报p27分行业表: 21.56 (偏差 0.00%)  |  巨潮PDF原文同表: 21.56 (偏差 0.00%)
  [92m✅ 通过[0m [12] 工业互联 · 2025 主营收入                     报告:        30.14 亿元
                                                    国电南瑞2025年报p27：3,013,877,121.23元: 30.14 (偏差 0.00%)  |  报告四舍五入口径: 30.14 (偏差 0.00%)
  [92m✅ 通过[0m [15] 集成及其他 · 2025 主营收入                    报告:         6.87 亿元
                                                    国电南瑞2025年报p27：687,074,851.90元: 6.87 (偏差 0.01%)  |  报告四舍五入口径: 6.87 (偏差 0.00%)
  [92m✅ 通过[0m [18] 2025 营收 · 公司年报 / 巨潮                  报告:       662.29 亿元
                                                    国电南瑞2025年报p13：66,228,963,223.21元: 662.29 (偏差 0.00%)  |  东方财富/子报告核对口径: 662.29 (偏差 0.00%)
  [92m✅ 通过[0m [29] 用电量持续增长 · 最新证据                       报告:      2025.00 年
                                                    国家能源局2025年全社会用电量数据，103,682亿千瓦时: 2025.00 (偏差 0.00%)  |  国家能源局发布页: 2025.00 (偏差 0.00%)
  [92m✅ 通过[0m [32] 电力市场化 · 最新证据                         报告:      2025.00 年
                                                    国家能源局2025年电力市场交易数据，6.64万亿千瓦时: 2025.00 (偏差 0.00%)  |  国家能源局发布页: 2025.00 (偏差 0.00%)
  [92m✅ 通过[0m [36] 加权ROE · 2025                         报告:        16.26 %
                                                    国电南瑞2025年报p14主要财务指标: 16.26 (偏差 0.00%)  |  巨潮PDF原文同表: 16.26 (偏差 0.00%)
  [92m✅ 通过[0m [55] PE/PB · 输出                           报告:        20.85 x
                                                    financial_rigor.py：21.68/1.04≈20.85；报告中PE为按年报EPS口径: 20.85 (偏差 0.00%)  |  Google Finance子报告PE约21.04，口径差异<1%: 20.85 (偏差 0.00%)
  [92m✅ 通过[0m [70] 乐观 · 目标PE                            报告:        24.00 x
                                                    估值模型假设，非外部事实；用于乐观情景目标PE: 24.00 (偏差 0.00%)  |  作者估值假设: 24.00 (偏差 0.00%)
  [92m✅ 通过[0m [76] 已持有者 · 更优买入区间                        报告:        20.00 元
                                                    作者操作区间判断，非外部事实；基于悲观/中性估值区间: 20.00 (偏差 0.00%)  |  作者估值判断: 20.00 (偏差 0.00%)

----------------------------------------------------------------------
  抽检总数: 12  |  通过: [92m12[0m  |  警告: [93m0[0m  |  不通过: [91m0[0m

[1m[92m【准出】所有抽检数据通过，报告可发布。[0m
======================================================================
