======================================================================
报告数据抽检清单
文件：reports\湖南黄金\湖南黄金研究报告-20260709.md
总提取数据点：93  |  抽样比例：15%  |  抽检数量：14
======================================================================

 ID     行号  数据标签                                          报告值  单位
───  ─────  ───────────────────────────────────  ────────────  ──────
  1     42  股价 · 数值                                     24.26  
 10     47  2026Q1 年化 PE · 数值                           15.91  x
 26     74  外购非标金 · 毛利率                                  0.08  %
 32     81  黄金 · 2025 收入                               470.06  亿元
 33     81  黄金 · 2025 毛利率                                3.42  %
 44    134  资源禀赋 · 评分（1-5）                               4.00  
 49    137  成本曲线 · 证据                                 2025.00  
 55    159  高景气利润被资本化 · 应对                            2026.00  
 56    160  金/锑/钨价格回落 · 预警指标                            15.00  %
 57    161  外购非标金误导收入质量 · 预警指标                          80.00  %
 66    268  20x · 当前市值需要的可持续归母净利                        18.95  亿元
 79    279  悲观 · 目标 PE                                  12.00  x
 87    303  行业与竞争 · 评分                                   3.50  
 89    305  综合 · 评分                                      2.90  

↑ 请对上述每个数据点，从以下信源取数，填入 fetched_value：
  美股：macrotrends.net（主）+ stockanalysis.com（副）
  港股：aastocks.com（主）+ macrotrends ADR（副）
  A股： eastmoney.com（主）+ cninfo.com.cn（副）

