============================================================
市值验算 (Market Cap Verification)
============================================================
  股价 (Price):       24.26 CNY
  总股本 (Shares):    1.56B
  计算市值:           37.91B CNY
  报告市值:           37.91B CNY
  偏差:               0.00%

  ✅ 验证通过, 偏差仅 0.00%
============================================================
估值指标验算 (Valuation Verification)
============================================================
  当前股价: 24.26

  PE (TTM):  24.26 / 1.121 = 21.64x
  盈利收益率: 4.62%
  PB:        24.26 / 5.575243090622 = 4.35x
  ROE:       1.121 / 5.575243090622 = 20.11%

  ✅ 以上指标均使用精确十进制计算, 无浮点误差
============================================================
交叉验证: 2025营业总收入 (Cross-Validation)
============================================================
  数据来源数: 2
  参考中位数: 50.18B 元

  ✅ 东方财富F10             : 50.18B 元  (偏差 0.00%)
  ✅ 新浪财报                : 50.18B 元  (偏差 0.00%)

  ✅ 所有来源偏差 ≤ 2.0%, 数据一致

  共识值 (加权中位数): 50.18B 元
============================================================
交叉验证: 2025归母净利润 (Cross-Validation)
============================================================
  数据来源数: 2
  参考中位数: 1.49B 元

  ✅ 东方财富F10             : 1.49B 元  (偏差 0.00%)
  ✅ 新浪财报                : 1.49B 元  (偏差 0.00%)

  ✅ 所有来源偏差 ≤ 2.0%, 数据一致

  共识值 (加权中位数): 1.49B 元
============================================================
三情景估值模型 (Three-Scenario Valuation)
============================================================
  当前股价: 24.26 
  当前EPS:  1.121
  预测期:   3年

  情景                年增速     目标PE      目标EPS       目标股价      涨跌幅
  ------------ -------- -------- ---------- ---------- --------
  乐观 (Bull)         15%      25x       1.70      42.6   +75.7%
  中性 (Base)          0%      18x       1.12      20.2   -16.8%
  悲观 (Bear)        -20%      12x       0.57       6.9   -71.6%

  ✅ 所有计算使用精确十进制, 结果可审计复现
